[1m[33mComponent HMR has been enabled, see https://angular.dev/hmr for more info.[39m[22m
[1m[31m[31m✘ [41;31m[[41;97mERROR[41;31m][0m [1mCannot read directory "../..": Access is denied.[0m [1m[35m[plugin angular-compiler][0m


[31m✘ [41;31m[[41;97mERROR[41;31m][0m [1mCould not resolve "C:\\Users\\micro\\Desktop\\Glossfit\\src\\app\\signup\\signup.component.css"[0m [1m[35m[plugin angular-compiler][0m


[31m✘ [41;31m[[41;97mERROR[41;31m][0m [1mCannot read directory "../..": Access is denied.[0m [1m[35m[plugin angular-compiler][0m


[31m✘ [41;31m[[41;97mERROR[41;31m][0m [1mCould not resolve "C:\\Users\\micro\\Desktop\\Glossfit\\src\\app\\profil-styliste\\profil-styliste.component.css"[0m [1m[35m[plugin angular-compiler][0m


[31m✘ [41;31m[[41;97mERROR[41;31m][0m [1mCannot read directory "../..": Access is denied.[0m [1m[35m[plugin angular-compiler][0m


[31m✘ [41;31m[[41;97mERROR[41;31m][0m [1mCould not resolve "C:\\Users\\micro\\Desktop\\Glossfit\\src\\app\\dressing\\dressing.component.css"[0m [1m[35m[plugin angular-compiler][0m


[31m✘ [41;31m[[41;97mERROR[41;31m][0m [1mCannot read directory "../..": Access is denied.[0m [1m[35m[plugin angular-compiler][0m


[31m✘ [41;31m[[41;97mERROR[41;31m][0m [1mCould not resolve "C:\\Users\\micro\\Desktop\\Glossfit\\src\\app\\home\\home.component.css"[0m [1m[35m[plugin angular-compiler][0m


[31m✘ [41;31m[[41;97mERROR[41;31m][0m [1mCannot read directory "../..": Access is denied.[0m [1m[35m[plugin angular-compiler][0m


[31m✘ [41;31m[[41;97mERROR[41;31m][0m [1mCould not resolve "C:\\Users\\micro\\Desktop\\Glossfit\\src\\app\\app.component.css"[0m [1m[35m[plugin angular-compiler][0m


[31m✘ [41;31m[[41;97mERROR[41;31m][0m [1mCannot read directory "../..": Access is denied.[0m [1m[35m[plugin angular-compiler][0m


[31m✘ [41;31m[[41;97mERROR[41;31m][0m [1mCould not resolve "C:\\Users\\micro\\Desktop\\Glossfit\\src\\app\\landing-page\\landing-page.component.css"[0m [1m[35m[plugin angular-compiler][0m


[31m✘ [41;31m[[41;97mERROR[41;31m][0m [1mCannot read directory "../..": Access is denied.[0m [1m[35m[plugin angular-compiler][0m


[31m✘ [41;31m[[41;97mERROR[41;31m][0m [1mCould not resolve "C:\\Users\\micro\\Desktop\\Glossfit\\src\\app\\navbar\\navbar.component.css"[0m [1m[35m[plugin angular-compiler][0m


[31m✘ [41;31m[[41;97mERROR[41;31m][0m [1mCannot read directory "../..": Access is denied.[0m [1m[35m[plugin angular-compiler][0m


[31m✘ [41;31m[[41;97mERROR[41;31m][0m [1mCould not resolve "C:\\Users\\micro\\Desktop\\Glossfit\\src\\app\\demand\\demand.component.css"[0m [1m[35m[plugin angular-compiler][0m


[31m✘ [41;31m[[41;97mERROR[41;31m][0m [1mCannot read directory "../..": Access is denied.[0m [1m[35m[plugin angular-compiler][0m


[31m✘ [41;31m[[41;97mERROR[41;31m][0m [1mCould not resolve "C:\\Users\\micro\\Desktop\\Glossfit\\src\\app\\profil-fashionista\\profil-fashionista.component.css"[0m [1m[35m[plugin angular-compiler][0m


[31m✘ [41;31m[[41;97mERROR[41;31m][0m [1mCannot read directory "../..": Access is denied.[0m [1m[35m[plugin angular-compiler][0m


[31m✘ [41;31m[[41;97mERROR[41;31m][0m [1mCould not resolve "C:\\Users\\micro\\Desktop\\Glossfit\\src\\app\\signin\\signin.component.css"[0m [1m[35m[plugin angular-compiler][0m


[31m✘ [41;31m[[41;97mERROR[41;31m][0m [1mCannot read directory "../..": Access is denied.[0m


[31m✘ [41;31m[[41;97mERROR[41;31m][0m [1mCould not resolve "C:\\Users\\micro\\Desktop\\Glossfit\\src\\main.ts"[0m


[31m✘ [41;31m[[41;97mERROR[41;31m][0m [1mCannot read directory "../..": Access is denied.[0m


[31m✘ [41;31m[[41;97mERROR[41;31m][0m [1mCould not resolve "zone.js"[0m

    angular:polyfills:angular:polyfills:1:7:
[37m      1 │ import [32m'zone.js'[37m;
        ╵        [32m~~~~~~~~~[0m

  You can mark the path "zone.js" as external to exclude it from the bundle, which will remove this error and leave the unresolved path in the bundle.


[31m✘ [41;31m[[41;97mERROR[41;31m][0m [1mCannot read directory "../..": Access is denied.[0m


[31m✘ [41;31m[[41;97mERROR[41;31m][0m [1mCould not resolve "src/styles.css"[0m

    angular:styles/global:styles:1:8:
[37m      1 │ @import [32m'src/styles.css'[37m;
        ╵         [32m~~~~~~~~~~~~~~~~[0m

  You can mark the path "src/styles.css" as external to exclude it from the bundle, which will remove this error and leave the unresolved path in the bundle.

[39m[22m
