[1m[33mComponent HMR has been enabled, see https://angular.dev/hmr for more info.[39m[22m
[1m[31m[31m✘ [41;31m[[41;97mERROR[41;31m][0m [1mTS-992008: Could not find template file './landing-page.component.html'.[0m [1m[35m[plugin angular-compiler][0m

    src/app/landing-page/landing-page.component.ts:7:15:
[37m      7 │   templateUrl: [32m'./landing-page.component.html'[37m,
        ╵                [32m~~~~~~~~~~~~~~~~~~~~~~~~~~~~~~~[0m

[39m[22m
[1m[31m[31m✘ [41;31m[[41;97mERROR[41;31m][0m [1mTS-992008: Could not find template file './landing-page.component.html'.[0m [1m[35m[plugin angular-compiler][0m

    src/app/landing-page/landing-page.component.ts:7:15:
[37m      7 │   templateUrl: [32m'./landing-page.component.html'[37m,
        ╵                [32m~~~~~~~~~~~~~~~~~~~~~~~~~~~~~~~[0m

[39m[22m
[1m[31m[31m✘ [41;31m[[41;97mERROR[41;31m][0m [1mTS-992008: Could not find template file './landing-page.component.html'.[0m [1m[35m[plugin angular-compiler][0m

    src/app/landing-page/landing-page.component.ts:7:15:
[37m      7 │   templateUrl: [32m'./landing-page.component.html'[37m,
        ╵                [32m~~~~~~~~~~~~~~~~~~~~~~~~~~~~~~~[0m

[39m[22m
[1m[31m[31m✘ [41;31m[[41;97mERROR[41;31m][0m [1mTS-992008: Could not find template file './landing-page.component.html'.[0m [1m[35m[plugin angular-compiler][0m

    src/app/landing-page/landing-page.component.ts:7:15:
[37m      7 │   templateUrl: [32m'./landing-page.component.html'[37m,
        ╵                [32m~~~~~~~~~~~~~~~~~~~~~~~~~~~~~~~[0m

[39m[22m
[1m[31m[31m✘ [41;31m[[41;97mERROR[41;31m][0m [1mTS-992008: Could not find template file './landing-page.component.html'.[0m [1m[35m[plugin angular-compiler][0m

    src/app/landing-page/landing-page.component.ts:7:15:
[37m      7 │   templateUrl: [32m'./landing-page.component.html'[37m,
        ╵                [32m~~~~~~~~~~~~~~~~~~~~~~~~~~~~~~~[0m

[39m[22m
[1m[31m[31m✘ [41;31m[[41;97mERROR[41;31m][0m [1mTS-992008: Could not find template file './landing-page.component.html'.[0m [1m[35m[plugin angular-compiler][0m

    src/app/landing-page/landing-page.component.ts:7:15:
[37m      7 │   templateUrl: [32m'./landing-page.component.html'[37m,
        ╵                [32m~~~~~~~~~~~~~~~~~~~~~~~~~~~~~~~[0m

[39m[22m
[1m[31m[31m✘ [41;31m[[41;97mERROR[41;31m][0m [1mTS-992008: Could not find template file './landing-page.component.html'.[0m [1m[35m[plugin angular-compiler][0m

    src/app/landing-page/landing-page.component.ts:7:15:
[37m      7 │   templateUrl: [32m'./landing-page.component.html'[37m,
        ╵                [32m~~~~~~~~~~~~~~~~~~~~~~~~~~~~~~~[0m

[39m[22m
[1m[31m[31m✘ [41;31m[[41;97mERROR[41;31m][0m [1mTS-992008: Could not find template file './landing-page.component.html'.[0m [1m[35m[plugin angular-compiler][0m

    src/app/landing-page/landing-page.component.ts:7:15:
[37m      7 │   templateUrl: [32m'./landing-page.component.html'[37m,
        ╵                [32m~~~~~~~~~~~~~~~~~~~~~~~~~~~~~~~[0m

[39m[22m
[1m[31m[31m✘ [41;31m[[41;97mERROR[41;31m][0m [1mTS-992008: Could not find template file './landing-page.component.html'.[0m [1m[35m[plugin angular-compiler][0m

    src/app/landing-page/landing-page.component.ts:7:15:
[37m      7 │   templateUrl: [32m'./landing-page.component.html'[37m,
        ╵                [32m~~~~~~~~~~~~~~~~~~~~~~~~~~~~~~~[0m


[31m✘ [41;31m[[41;97mERROR[41;31m][0m [1mNG9: Property 'loginDemo' does not exist on type 'NavbarComponent'.[0m [1m[35m[plugin angular-compiler][0m

    src/app/navbar/navbar.component.html:30:64:
[37m      30 │ ...="btn btn-text" type="button" (click)="[32mloginDemo[37m()">Login</button>
         ╵                                           [32m~~~~~~~~~[0m

  Error occurs in the template of component NavbarComponent.

    src/app/navbar/navbar.component.ts:8:15:
[37m      8 │   templateUrl: [32m'./navbar.component.html'[37m,
        ╵                [32m~~~~~~~~~~~~~~~~~~~~~~~~~[0m


[31m✘ [41;31m[[41;97mERROR[41;31m][0m [1mNG9: Property 'loginDemo' does not exist on type 'NavbarComponent'.[0m [1m[35m[plugin angular-compiler][0m

    src/app/navbar/navbar.component.html:86:71:
[37m      86 │ ...ext mobile-btn" type="button" (click)="[32mloginDemo[37m()">Login</button>
         ╵                                           [32m~~~~~~~~~[0m

  Error occurs in the template of component NavbarComponent.

    src/app/navbar/navbar.component.ts:8:15:
[37m      8 │   templateUrl: [32m'./navbar.component.html'[37m,
        ╵                [32m~~~~~~~~~~~~~~~~~~~~~~~~~[0m

[39m[22m
[1m[31m[31m✘ [41;31m[[41;97mERROR[41;31m][0m [1mTS-992008: Could not find template file './landing-page.component.html'.[0m [1m[35m[plugin angular-compiler][0m

    src/app/landing-page/landing-page.component.ts:7:15:
[37m      7 │   templateUrl: [32m'./landing-page.component.html'[37m,
        ╵                [32m~~~~~~~~~~~~~~~~~~~~~~~~~~~~~~~[0m

[39m[22m
[1m[31m[31m✘ [41;31m[[41;97mERROR[41;31m][0m [1mTS-992008: Could not find template file './landing-page.component.html'.[0m [1m[35m[plugin angular-compiler][0m

    src/app/landing-page/landing-page.component.ts:7:15:
[37m      7 │   templateUrl: [32m'./landing-page.component.html'[37m,
        ╵                [32m~~~~~~~~~~~~~~~~~~~~~~~~~~~~~~~[0m

[39m[22m
[1m[31m[31m✘ [41;31m[[41;97mERROR[41;31m][0m [1mTS-992008: Could not find template file './landing-page.component.html'.[0m [1m[35m[plugin angular-compiler][0m

    src/app/landing-page/landing-page.component.ts:7:15:
[37m      7 │   templateUrl: [32m'./landing-page.component.html'[37m,
        ╵                [32m~~~~~~~~~~~~~~~~~~~~~~~~~~~~~~~[0m

[39m[22m
[1m[31m[31m✘ [41;31m[[41;97mERROR[41;31m][0m [1mTS-992008: Could not find template file './landing-page.component.html'.[0m [1m[35m[plugin angular-compiler][0m

    src/app/landing-page/landing-page.component.ts:7:15:
[37m      7 │   templateUrl: [32m'./landing-page.component.html'[37m,
        ╵                [32m~~~~~~~~~~~~~~~~~~~~~~~~~~~~~~~[0m

[39m[22m
