[1m[33mComponent HMR has been enabled, see https://angular.dev/hmr for more info.[39m[22m
[1m[31m[31mX [41;31m[[41;97mERROR[41;31m][0m [1mTS2339: Property 'message' does not exist on type 'AuthUser'.[0m [1m[35m[plugin angular-compiler][0m

    src/app/navbar/navbar.component.ts:114:36:
[37m      114 │ ...this.authMessage = response.[32mmessage[37m || 'Compte cree. Verifiez ...
          ╵                                [32m~~~~~~~[0m


[31mX [41;31m[[41;97mERROR[41;31m][0m [1mTS2345: Argument of type 'AuthResponse' is not assignable to parameter of type 'AuthUser'.
  Property 'id' is missing in type 'AuthResponse' but required in type 'AuthUser'.[0m [1m[35m[plugin angular-compiler][0m

    src/app/navbar/navbar.component.ts:137:56:
[37m      137 │         void this.router.navigate([this.getProfileRoute([32muser[37m)]);
          ╵                                                         [32m~~~~[0m

  'id' is declared here.

    src/app/core/auth/auth.models.ts:25:2:
[37m      25 │   [32mid[37m: number;
         ╵   [32m~~[0m

[39m[22m
[1m[33m[33m▲ [43;33m[[43;30mWARNING[43;33m][0m [1mTS-998113: RouterLink is not used within the template of SigninComponent[0m [1m[35m[plugin angular-compiler][0m

    src/app/signin/signin.component.ts:11:25:
[37m      11 │   imports: [FormsModule, [32mRouterLink[37m],
         ╵                          [32m~~~~~~~~~~[0m

[39m[22m
[1m[31m[31mX [41;31m[[41;97mERROR[41;31m][0m [1mNG5002: Unexpected closing tag "h1". It may happen when the tag has already been closed by another tag. For more info see https://www.w3.org/TR/html5/syntax.html#closing-elements-that-have-implied-end-tags[0m [1m[35m[plugin angular-compiler][0m

    src/app/signin/signin.component.html:10:61:
[37m      10 │       <h3 id="signin-title">Bon retour dans ton studio style.[32m</h1>[37m
         ╵                                                              [32m~~~~~[0m

  Error occurs in the template of component SigninComponent.

    src/app/signin/signin.component.ts:12:15:
[37m      12 │   templateUrl: [32m'./signin.component.html'[37m,
         ╵                [32m~~~~~~~~~~~~~~~~~~~~~~~~~[0m


[31mX [41;31m[[41;97mERROR[41;31m][0m [1mNG5002: Unexpected closing tag "section". It may happen when the tag has already been closed by another tag. For more info see https://www.w3.org/TR/html5/syntax.html#closing-elements-that-have-implied-end-tags[0m [1m[35m[plugin angular-compiler][0m

    src/app/signin/signin.component.html:35:4:
[37m      35 │     [32m</section>[37m
         ╵     [32m~~~~~~~~~~[0m

  Error occurs in the template of component SigninComponent.

    src/app/signin/signin.component.ts:12:15:
[37m      12 │   templateUrl: [32m'./signin.component.html'[37m,
         ╵                [32m~~~~~~~~~~~~~~~~~~~~~~~~~[0m

[39m[22m
[1m[33m[33m▲ [43;33m[[43;30mWARNING[43;33m][0m [1mTS-998113: RouterLink is not used within the template of SigninComponent[0m [1m[35m[plugin angular-compiler][0m

    src/app/signin/signin.component.ts:11:25:
[37m      11 │   imports: [FormsModule, [32mRouterLink[37m],
         ╵                          [32m~~~~~~~~~~[0m

[39m[22m
[1m[31m[31mX [41;31m[[41;97mERROR[41;31m][0m [1mNG5002: Unexpected closing tag "h1". It may happen when the tag has already been closed by another tag. For more info see https://www.w3.org/TR/html5/syntax.html#closing-elements-that-have-implied-end-tags[0m [1m[35m[plugin angular-compiler][0m

    src/app/signin/signin.component.html:10:61:
[37m      10 │       <h3 id="signin-title">Bon retour dans ton studio style.[32m</h1>[37m
         ╵                                                              [32m~~~~~[0m

  Error occurs in the template of component SigninComponent.

    src/app/signin/signin.component.ts:12:15:
[37m      12 │   templateUrl: [32m'./signin.component.html'[37m,
         ╵                [32m~~~~~~~~~~~~~~~~~~~~~~~~~[0m


[31mX [41;31m[[41;97mERROR[41;31m][0m [1mNG5002: Unexpected closing tag "section". It may happen when the tag has already been closed by another tag. For more info see https://www.w3.org/TR/html5/syntax.html#closing-elements-that-have-implied-end-tags[0m [1m[35m[plugin angular-compiler][0m

    src/app/signin/signin.component.html:35:4:
[37m      35 │     [32m</section>[37m
         ╵     [32m~~~~~~~~~~[0m

  Error occurs in the template of component SigninComponent.

    src/app/signin/signin.component.ts:12:15:
[37m      12 │   templateUrl: [32m'./signin.component.html'[37m,
         ╵                [32m~~~~~~~~~~~~~~~~~~~~~~~~~[0m

[39m[22m
[1m[33m[33m▲ [43;33m[[43;30mWARNING[43;33m][0m [1mTS-998113: RouterLink is not used within the template of SigninComponent[0m [1m[35m[plugin angular-compiler][0m

    src/app/signin/signin.component.ts:11:25:
[37m      11 │   imports: [FormsModule, [32mRouterLink[37m],
         ╵                          [32m~~~~~~~~~~[0m

[39m[22m
[1m[31m[31mX [41;31m[[41;97mERROR[41;31m][0m [1mNG5002: Unexpected closing tag "h3". It may happen when the tag has already been closed by another tag. For more info see https://www.w3.org/TR/html5/syntax.html#closing-elements-that-have-implied-end-tags[0m [1m[35m[plugin angular-compiler][0m

    src/app/signin/signin.component.html:9:61:
[37m      9 │       <h2 id="signin-title">Bon retour dans ton studio style.[32m</h3>[37m
        ╵                                                              [32m~~~~~[0m

  Error occurs in the template of component SigninComponent.

    src/app/signin/signin.component.ts:12:15:
[37m      12 │   templateUrl: [32m'./signin.component.html'[37m,
         ╵                [32m~~~~~~~~~~~~~~~~~~~~~~~~~[0m


[31mX [41;31m[[41;97mERROR[41;31m][0m [1mNG5002: Unexpected closing tag "section". It may happen when the tag has already been closed by another tag. For more info see https://www.w3.org/TR/html5/syntax.html#closing-elements-that-have-implied-end-tags[0m [1m[35m[plugin angular-compiler][0m

    src/app/signin/signin.component.html:34:4:
[37m      34 │     [32m</section>[37m
         ╵     [32m~~~~~~~~~~[0m

  Error occurs in the template of component SigninComponent.

    src/app/signin/signin.component.ts:12:15:
[37m      12 │   templateUrl: [32m'./signin.component.html'[37m,
         ╵                [32m~~~~~~~~~~~~~~~~~~~~~~~~~[0m

[39m[22m
[1m[33m[33m▲ [43;33m[[43;30mWARNING[43;33m][0m [1mTS-998113: RouterLink is not used within the template of SigninComponent[0m [1m[35m[plugin angular-compiler][0m

    src/app/signin/signin.component.ts:11:25:
[37m      11 │   imports: [FormsModule, [32mRouterLink[37m],
         ╵                          [32m~~~~~~~~~~[0m

[39m[22m
[1m[31m[31mX [41;31m[[41;97mERROR[41;31m][0m [1mNG5002: Unexpected closing tag "h2". It may happen when the tag has already been closed by another tag. For more info see https://www.w3.org/TR/html5/syntax.html#closing-elements-that-have-implied-end-tags[0m [1m[35m[plugin angular-compiler][0m

    src/app/signin/signin.component.html:9:61:
[37m      9 │       <h1 id="signin-title">Bon retour dans ton studio style.[32m</h2>[37m
        ╵                                                              [32m~~~~~[0m

  Error occurs in the template of component SigninComponent.

    src/app/signin/signin.component.ts:12:15:
[37m      12 │   templateUrl: [32m'./signin.component.html'[37m,
         ╵                [32m~~~~~~~~~~~~~~~~~~~~~~~~~[0m


[31mX [41;31m[[41;97mERROR[41;31m][0m [1mNG5002: Unexpected closing tag "section". It may happen when the tag has already been closed by another tag. For more info see https://www.w3.org/TR/html5/syntax.html#closing-elements-that-have-implied-end-tags[0m [1m[35m[plugin angular-compiler][0m

    src/app/signin/signin.component.html:34:4:
[37m      34 │     [32m</section>[37m
         ╵     [32m~~~~~~~~~~[0m

  Error occurs in the template of component SigninComponent.

    src/app/signin/signin.component.ts:12:15:
[37m      12 │   templateUrl: [32m'./signin.component.html'[37m,
         ╵                [32m~~~~~~~~~~~~~~~~~~~~~~~~~[0m

[39m[22m
[1m[33m[33m▲ [43;33m[[43;30mWARNING[43;33m][0m [1mTS-998113: RouterLink is not used within the template of SigninComponent[0m [1m[35m[plugin angular-compiler][0m

    src/app/signin/signin.component.ts:11:25:
[37m      11 │   imports: [FormsModule, [32mRouterLink[37m],
         ╵                          [32m~~~~~~~~~~[0m

[39m[22m
[1m[31m[31mX [41;31m[[41;97mERROR[41;31m][0m [1mNG5002: Unexpected closing tag "h2". It may happen when the tag has already been closed by another tag. For more info see https://www.w3.org/TR/html5/syntax.html#closing-elements-that-have-implied-end-tags[0m [1m[35m[plugin angular-compiler][0m

    src/app/signin/signin.component.html:9:61:
[37m      9 │       <h1 id="signin-title">Bon retour dans ton studio style.[32m</h2>[37m
        ╵                                                              [32m~~~~~[0m

  Error occurs in the template of component SigninComponent.

    src/app/signin/signin.component.ts:12:15:
[37m      12 │   templateUrl: [32m'./signin.component.html'[37m,
         ╵                [32m~~~~~~~~~~~~~~~~~~~~~~~~~[0m


[31mX [41;31m[[41;97mERROR[41;31m][0m [1mNG5002: Unexpected closing tag "section". It may happen when the tag has already been closed by another tag. For more info see https://www.w3.org/TR/html5/syntax.html#closing-elements-that-have-implied-end-tags[0m [1m[35m[plugin angular-compiler][0m

    src/app/signin/signin.component.html:34:4:
[37m      34 │     [32m</section>[37m
         ╵     [32m~~~~~~~~~~[0m

  Error occurs in the template of component SigninComponent.

    src/app/signin/signin.component.ts:12:15:
[37m      12 │   templateUrl: [32m'./signin.component.html'[37m,
         ╵                [32m~~~~~~~~~~~~~~~~~~~~~~~~~[0m

[39m[22m
[1m[31m[31mX [41;31m[[41;97mERROR[41;31m][0m [1mNG8002: Can't bind to 'aria-pressed' since it isn't a known property of 'button'.[0m [1m[35m[plugin angular-compiler][0m

    src/app/signup/signup.component.html:50:133:
[37m      50 │ ...ASHIONISTA')" [32maria-pressed="{{ account.role === 'FASHIONISTA' }}"[37m>
         ╵                  [32m~~~~~~~~~~~~~~~~~~~~~~~~~~~~~~~~~~~~~~~~~~~~~~~~~~~[0m

  Error occurs in the template of component SignupComponent.

    src/app/signup/signup.component.ts:12:15:
[37m      12 │   templateUrl: [32m'./signup.component.html'[37m,
         ╵                [32m~~~~~~~~~~~~~~~~~~~~~~~~~[0m


[31mX [41;31m[[41;97mERROR[41;31m][0m [1mNG8002: Can't bind to 'aria-pressed' since it isn't a known property of 'button'.[0m [1m[35m[plugin angular-compiler][0m

    src/app/signup/signup.component.html:58:127:
[37m      58 │ ...ole('STYLISTE')" [32maria-pressed="{{ account.role === 'STYLISTE' }}"[37m>
         ╵                     [32m~~~~~~~~~~~~~~~~~~~~~~~~~~~~~~~~~~~~~~~~~~~~~~~~[0m

  Error occurs in the template of component SignupComponent.

    src/app/signup/signup.component.ts:12:15:
[37m      12 │   templateUrl: [32m'./signup.component.html'[37m,
         ╵                [32m~~~~~~~~~~~~~~~~~~~~~~~~~[0m

[39m[22m
[1m[33m[33m▲ [43;33m[[43;30mWARNING[43;33m][0m [1mNG8103: The `*ngIf` directive was used in the template, but neither the `NgIf` directive nor the `CommonModule` was imported. Use Angular's built-in control flow @if or make sure that either the `NgIf` directive or the `CommonModule` is included in the `@Component.imports` array of this component.[0m [1m[35m[plugin angular-compiler][0m

    src/app/signup/signup.component.html:36:25:
[37m      36 │       <p class="status" *[32mngIf[37m="message"><i class="fa-solid fa-circ...
         ╵                          [32m~~~~[0m

  Error occurs in the template of component SignupComponent.

    src/app/signup/signup.component.ts:12:15:
[37m      12 │   templateUrl: [32m'./signup.component.html'[37m,
         ╵                [32m~~~~~~~~~~~~~~~~~~~~~~~~~[0m


[33m▲ [43;33m[[43;30mWARNING[43;33m][0m [1mNG8103: The `*ngIf` directive was used in the template, but neither the `NgIf` directive nor the `CommonModule` was imported. Use Angular's built-in control flow @if or make sure that either the `NgIf` directive or the `CommonModule` is included in the `@Component.imports` array of this component.[0m [1m[35m[plugin angular-compiler][0m

    src/app/verify-email/verify-email.component.html:13:23:
[37m      13 │         <ng-container *[32mngIf[37m="isLoading; else verifyResult">
         ╵                        [32m~~~~[0m

  Error occurs in the template of component VerifyEmailComponent.

    src/app/verify-email/verify-email.component.ts:10:15:
[37m      10 │   templateUrl: [32m'./verify-email.component.html'[37m,
         ╵                [32m~~~~~~~~~~~~~~~~~~~~~~~~~~~~~~~[0m


[33m▲ [43;33m[[43;30mWARNING[43;33m][0m [1mNG8103: The `*ngIf` directive was used in the template, but neither the `NgIf` directive nor the `CommonModule` was imported. Use Angular's built-in control flow @if or make sure that either the `NgIf` directive or the `CommonModule` is included in the `@Component.imports` array of this component.[0m [1m[35m[plugin angular-compiler][0m

    src/app/verify-email/verify-email.component.html:17:14:
[37m      17 │           <i *[32mngIf[37m="isVerified; else verifyFailed" class="fa-solid...
         ╵               [32m~~~~[0m

  Error occurs in the template of component VerifyEmailComponent.

    src/app/verify-email/verify-email.component.ts:10:15:
[37m      10 │   templateUrl: [32m'./verify-email.component.html'[37m,
         ╵                [32m~~~~~~~~~~~~~~~~~~~~~~~~~~~~~~~[0m

[39m[22m
[1m[31m[31mX [41;31m[[41;97mERROR[41;31m][0m [1mNG8002: Can't bind to 'aria-pressed' since it isn't a known property of 'button'.[0m [1m[35m[plugin angular-compiler][0m

    src/app/signup/signup.component.html:48:133:
[37m      48 │ ...ASHIONISTA')" [32maria-pressed="{{ account.role === 'FASHIONISTA' }}"[37m>
         ╵                  [32m~~~~~~~~~~~~~~~~~~~~~~~~~~~~~~~~~~~~~~~~~~~~~~~~~~~[0m

  Error occurs in the template of component SignupComponent.

    src/app/signup/signup.component.ts:12:15:
[37m      12 │   templateUrl: [32m'./signup.component.html'[37m,
         ╵                [32m~~~~~~~~~~~~~~~~~~~~~~~~~[0m


[31mX [41;31m[[41;97mERROR[41;31m][0m [1mNG8002: Can't bind to 'aria-pressed' since it isn't a known property of 'button'.[0m [1m[35m[plugin angular-compiler][0m

    src/app/signup/signup.component.html:56:127:
[37m      56 │ ...ole('STYLISTE')" [32maria-pressed="{{ account.role === 'STYLISTE' }}"[37m>
         ╵                     [32m~~~~~~~~~~~~~~~~~~~~~~~~~~~~~~~~~~~~~~~~~~~~~~~~[0m

  Error occurs in the template of component SignupComponent.

    src/app/signup/signup.component.ts:12:15:
[37m      12 │   templateUrl: [32m'./signup.component.html'[37m,
         ╵                [32m~~~~~~~~~~~~~~~~~~~~~~~~~[0m

[39m[22m
[1m[33m[33m▲ [43;33m[[43;30mWARNING[43;33m][0m [1mNG8103: The `*ngIf` directive was used in the template, but neither the `NgIf` directive nor the `CommonModule` was imported. Use Angular's built-in control flow @if or make sure that either the `NgIf` directive or the `CommonModule` is included in the `@Component.imports` array of this component.[0m [1m[35m[plugin angular-compiler][0m

    src/app/app.component.html:2:13:
[37m      2 │ <app-navbar *[32mngIf[37m="showNavbar"></app-navbar>
        ╵              [32m~~~~[0m

  Error occurs in the template of component AppComponent.

    src/app/app.component.ts:9:15:
[37m      9 │   templateUrl: [32m'./app.component.html'[37m,
        ╵                [32m~~~~~~~~~~~~~~~~~~~~~~[0m


[33m▲ [43;33m[[43;30mWARNING[43;33m][0m [1mNG8103: The `*ngIf` directive was used in the template, but neither the `NgIf` directive nor the `CommonModule` was imported. Use Angular's built-in control flow @if or make sure that either the `NgIf` directive or the `CommonModule` is included in the `@Component.imports` array of this component.[0m [1m[35m[plugin angular-compiler][0m

    src/app/navbar/navbar.component.html:29:25:
[37m      29 │           <ng-container *[32mngIf[37m="!isLoggedIn; else loggedInMenu">
         ╵                          [32m~~~~[0m

  Error occurs in the template of component NavbarComponent.

    src/app/navbar/navbar.component.ts:10:15:
[37m      10 │   templateUrl: [32m'./navbar.component.html'[37m,
         ╵                [32m~~~~~~~~~~~~~~~~~~~~~~~~~[0m


[33m▲ [43;33m[[43;30mWARNING[43;33m][0m [1mNG8103: The `*ngIf` directive was used in the template, but neither the `NgIf` directive nor the `CommonModule` was imported. Use Angular's built-in control flow @if or make sure that either the `NgIf` directive or the `CommonModule` is included in the `@Component.imports` array of this component.[0m [1m[35m[plugin angular-compiler][0m

    src/app/navbar/navbar.component.html:86:21:
[37m      86 │       <ng-container *[32mngIf[37m="!isLoggedIn; else mobileLoggedInMenu">
         ╵                      [32m~~~~[0m

  Error occurs in the template of component NavbarComponent.

    src/app/navbar/navbar.component.ts:10:15:
[37m      10 │   templateUrl: [32m'./navbar.component.html'[37m,
         ╵                [32m~~~~~~~~~~~~~~~~~~~~~~~~~[0m


[33m▲ [43;33m[[43;30mWARNING[43;33m][0m [1mNG8103: The `*ngIf` directive was used in the template, but neither the `NgIf` directive nor the `CommonModule` was imported. Use Angular's built-in control flow @if or make sure that either the `NgIf` directive or the `CommonModule` is included in the `@Component.imports` array of this component.[0m [1m[35m[plugin angular-compiler][0m

    src/app/profil-fashionista/profil-fashionista.component.html:91:24:
[37m      91 │       <p class="saved" *[32mngIf[37m="saved"><i class="fa-solid fa-circle-...
         ╵                         [32m~~~~[0m

  Error occurs in the template of component ProfilFashionistaComponent.

    src/app/profil-fashionista/profil-fashionista.component.ts:17:15:
[37m      17 │   templateUrl: [32m'./profil-fashionista.component.html'[37m,
         ╵                [32m~~~~~~~~~~~~~~~~~~~~~~~~~~~~~~~~~~~~~[0m


[33m▲ [43;33m[[43;30mWARNING[43;33m][0m [1mNG8103: The `*ngIf` directive was used in the template, but neither the `NgIf` directive nor the `CommonModule` was imported. Use Angular's built-in control flow @if or make sure that either the `NgIf` directive or the `CommonModule` is included in the `@Component.imports` array of this component.[0m [1m[35m[plugin angular-compiler][0m

    src/app/profil-styliste/profil-styliste.component.html:91:24:
[37m      91 │       <p class="saved" *[32mngIf[37m="saved"><i class="fa-solid fa-circle-...
         ╵                         [32m~~~~[0m

  Error occurs in the template of component ProfilStylisteComponent.

    src/app/profil-styliste/profil-styliste.component.ts:17:15:
[37m      17 │   templateUrl: [32m'./profil-styliste.component.html'[37m,
         ╵                [32m~~~~~~~~~~~~~~~~~~~~~~~~~~~~~~~~~~[0m


[33m▲ [43;33m[[43;30mWARNING[43;33m][0m [1mNG8103: The `*ngIf` directive was used in the template, but neither the `NgIf` directive nor the `CommonModule` was imported. Use Angular's built-in control flow @if or make sure that either the `NgIf` directive or the `CommonModule` is included in the `@Component.imports` array of this component.[0m [1m[35m[plugin angular-compiler][0m

    src/app/signup/signup.component.html:36:25:
[37m      36 │       <p class="status" *[32mngIf[37m="message"><i class="fa-solid fa-circ...
         ╵                          [32m~~~~[0m

  Error occurs in the template of component SignupComponent.

    src/app/signup/signup.component.ts:12:15:
[37m      12 │   templateUrl: [32m'./signup.component.html'[37m,
         ╵                [32m~~~~~~~~~~~~~~~~~~~~~~~~~[0m


[33m▲ [43;33m[[43;30mWARNING[43;33m][0m [1mNG8103: The `*ngIf` directive was used in the template, but neither the `NgIf` directive nor the `CommonModule` was imported. Use Angular's built-in control flow @if or make sure that either the `NgIf` directive or the `CommonModule` is included in the `@Component.imports` array of this component.[0m [1m[35m[plugin angular-compiler][0m

    src/app/verify-email/verify-email.component.html:13:23:
[37m      13 │         <ng-container *[32mngIf[37m="isLoading; else verifyResult">
         ╵                        [32m~~~~[0m

  Error occurs in the template of component VerifyEmailComponent.

    src/app/verify-email/verify-email.component.ts:10:15:
[37m      10 │   templateUrl: [32m'./verify-email.component.html'[37m,
         ╵                [32m~~~~~~~~~~~~~~~~~~~~~~~~~~~~~~~[0m


[33m▲ [43;33m[[43;30mWARNING[43;33m][0m [1mNG8103: The `*ngIf` directive was used in the template, but neither the `NgIf` directive nor the `CommonModule` was imported. Use Angular's built-in control flow @if or make sure that either the `NgIf` directive or the `CommonModule` is included in the `@Component.imports` array of this component.[0m [1m[35m[plugin angular-compiler][0m

    src/app/verify-email/verify-email.component.html:17:14:
[37m      17 │           <i *[32mngIf[37m="isVerified; else verifyFailed" class="fa-solid...
         ╵               [32m~~~~[0m

  Error occurs in the template of component VerifyEmailComponent.

    src/app/verify-email/verify-email.component.ts:10:15:
[37m      10 │   templateUrl: [32m'./verify-email.component.html'[37m,
         ╵                [32m~~~~~~~~~~~~~~~~~~~~~~~~~~~~~~~[0m

[39m[22m
[1m[31m[31mX [41;31m[[41;97mERROR[41;31m][0m [1mNG8002: Can't bind to 'aria-pressed' since it isn't a known property of 'button'.[0m [1m[35m[plugin angular-compiler][0m

    src/app/signup/signup.component.html:48:133:
[37m      48 │ ...ASHIONISTA')" [32maria-pressed="{{ account.role === 'FASHIONISTA' }}"[37m>
         ╵                  [32m~~~~~~~~~~~~~~~~~~~~~~~~~~~~~~~~~~~~~~~~~~~~~~~~~~~[0m

  Error occurs in the template of component SignupComponent.

    src/app/signup/signup.component.ts:12:15:
[37m      12 │   templateUrl: [32m'./signup.component.html'[37m,
         ╵                [32m~~~~~~~~~~~~~~~~~~~~~~~~~[0m


[31mX [41;31m[[41;97mERROR[41;31m][0m [1mNG8002: Can't bind to 'aria-pressed' since it isn't a known property of 'button'.[0m [1m[35m[plugin angular-compiler][0m

    src/app/signup/signup.component.html:56:127:
[37m      56 │ ...ole('STYLISTE')" [32maria-pressed="{{ account.role === 'STYLISTE' }}"[37m>
         ╵                     [32m~~~~~~~~~~~~~~~~~~~~~~~~~~~~~~~~~~~~~~~~~~~~~~~~[0m

  Error occurs in the template of component SignupComponent.

    src/app/signup/signup.component.ts:12:15:
[37m      12 │   templateUrl: [32m'./signup.component.html'[37m,
         ╵                [32m~~~~~~~~~~~~~~~~~~~~~~~~~[0m

[39m[22m
[1m[33m[33m▲ [43;33m[[43;30mWARNING[43;33m][0m [1mNG8103: The `*ngIf` directive was used in the template, but neither the `NgIf` directive nor the `CommonModule` was imported. Use Angular's built-in control flow @if or make sure that either the `NgIf` directive or the `CommonModule` is included in the `@Component.imports` array of this component.[0m [1m[35m[plugin angular-compiler][0m

    src/app/app.component.html:2:13:
[37m      2 │ <app-navbar *[32mngIf[37m="showNavbar"></app-navbar>
        ╵              [32m~~~~[0m

  Error occurs in the template of component AppComponent.

    src/app/app.component.ts:9:15:
[37m      9 │   templateUrl: [32m'./app.component.html'[37m,
        ╵                [32m~~~~~~~~~~~~~~~~~~~~~~[0m


[33m▲ [43;33m[[43;30mWARNING[43;33m][0m [1mNG8103: The `*ngIf` directive was used in the template, but neither the `NgIf` directive nor the `CommonModule` was imported. Use Angular's built-in control flow @if or make sure that either the `NgIf` directive or the `CommonModule` is included in the `@Component.imports` array of this component.[0m [1m[35m[plugin angular-compiler][0m

    src/app/navbar/navbar.component.html:29:25:
[37m      29 │           <ng-container *[32mngIf[37m="!isLoggedIn; else loggedInMenu">
         ╵                          [32m~~~~[0m

  Error occurs in the template of component NavbarComponent.

    src/app/navbar/navbar.component.ts:10:15:
[37m      10 │   templateUrl: [32m'./navbar.component.html'[37m,
         ╵                [32m~~~~~~~~~~~~~~~~~~~~~~~~~[0m


[33m▲ [43;33m[[43;30mWARNING[43;33m][0m [1mNG8103: The `*ngIf` directive was used in the template, but neither the `NgIf` directive nor the `CommonModule` was imported. Use Angular's built-in control flow @if or make sure that either the `NgIf` directive or the `CommonModule` is included in the `@Component.imports` array of this component.[0m [1m[35m[plugin angular-compiler][0m

    src/app/navbar/navbar.component.html:86:21:
[37m      86 │       <ng-container *[32mngIf[37m="!isLoggedIn; else mobileLoggedInMenu">
         ╵                      [32m~~~~[0m

  Error occurs in the template of component NavbarComponent.

    src/app/navbar/navbar.component.ts:10:15:
[37m      10 │   templateUrl: [32m'./navbar.component.html'[37m,
         ╵                [32m~~~~~~~~~~~~~~~~~~~~~~~~~[0m


[33m▲ [43;33m[[43;30mWARNING[43;33m][0m [1mNG8103: The `*ngIf` directive was used in the template, but neither the `NgIf` directive nor the `CommonModule` was imported. Use Angular's built-in control flow @if or make sure that either the `NgIf` directive or the `CommonModule` is included in the `@Component.imports` array of this component.[0m [1m[35m[plugin angular-compiler][0m

    src/app/profil-fashionista/profil-fashionista.component.html:91:24:
[37m      91 │       <p class="saved" *[32mngIf[37m="saved"><i class="fa-solid fa-circle-...
         ╵                         [32m~~~~[0m

  Error occurs in the template of component ProfilFashionistaComponent.

    src/app/profil-fashionista/profil-fashionista.component.ts:17:15:
[37m      17 │   templateUrl: [32m'./profil-fashionista.component.html'[37m,
         ╵                [32m~~~~~~~~~~~~~~~~~~~~~~~~~~~~~~~~~~~~~[0m


[33m▲ [43;33m[[43;30mWARNING[43;33m][0m [1mNG8103: The `*ngIf` directive was used in the template, but neither the `NgIf` directive nor the `CommonModule` was imported. Use Angular's built-in control flow @if or make sure that either the `NgIf` directive or the `CommonModule` is included in the `@Component.imports` array of this component.[0m [1m[35m[plugin angular-compiler][0m

    src/app/profil-styliste/profil-styliste.component.html:91:24:
[37m      91 │       <p class="saved" *[32mngIf[37m="saved"><i class="fa-solid fa-circle-...
         ╵                         [32m~~~~[0m

  Error occurs in the template of component ProfilStylisteComponent.

    src/app/profil-styliste/profil-styliste.component.ts:17:15:
[37m      17 │   templateUrl: [32m'./profil-styliste.component.html'[37m,
         ╵                [32m~~~~~~~~~~~~~~~~~~~~~~~~~~~~~~~~~~[0m


[33m▲ [43;33m[[43;30mWARNING[43;33m][0m [1mNG8103: The `*ngIf` directive was used in the template, but neither the `NgIf` directive nor the `CommonModule` was imported. Use Angular's built-in control flow @if or make sure that either the `NgIf` directive or the `CommonModule` is included in the `@Component.imports` array of this component.[0m [1m[35m[plugin angular-compiler][0m

    src/app/signin/signin.component.html:29:25:
[37m      29 │       <p class="status" *[32mngIf[37m="message"><i class="fa-solid fa-circ...
         ╵                          [32m~~~~[0m

  Error occurs in the template of component SigninComponent.

    src/app/signin/signin.component.ts:12:15:
[37m      12 │   templateUrl: [32m'./signin.component.html'[37m,
         ╵                [32m~~~~~~~~~~~~~~~~~~~~~~~~~[0m


[33m▲ [43;33m[[43;30mWARNING[43;33m][0m [1mNG8103: The `*ngIf` directive was used in the template, but neither the `NgIf` directive nor the `CommonModule` was imported. Use Angular's built-in control flow @if or make sure that either the `NgIf` directive or the `CommonModule` is included in the `@Component.imports` array of this component.[0m [1m[35m[plugin angular-compiler][0m

    src/app/signup/signup.component.html:36:25:
[37m      36 │       <p class="status" *[32mngIf[37m="message"><i class="fa-solid fa-circ...
         ╵                          [32m~~~~[0m

  Error occurs in the template of component SignupComponent.

    src/app/signup/signup.component.ts:12:15:
[37m      12 │   templateUrl: [32m'./signup.component.html'[37m,
         ╵                [32m~~~~~~~~~~~~~~~~~~~~~~~~~[0m


[33m▲ [43;33m[[43;30mWARNING[43;33m][0m [1mNG8103: The `*ngIf` directive was used in the template, but neither the `NgIf` directive nor the `CommonModule` was imported. Use Angular's built-in control flow @if or make sure that either the `NgIf` directive or the `CommonModule` is included in the `@Component.imports` array of this component.[0m [1m[35m[plugin angular-compiler][0m

    src/app/verify-email/verify-email.component.html:13:23:
[37m      13 │         <ng-container *[32mngIf[37m="isLoading; else verifyResult">
         ╵                        [32m~~~~[0m

  Error occurs in the template of component VerifyEmailComponent.

    src/app/verify-email/verify-email.component.ts:10:15:
[37m      10 │   templateUrl: [32m'./verify-email.component.html'[37m,
         ╵                [32m~~~~~~~~~~~~~~~~~~~~~~~~~~~~~~~[0m


[33m▲ [43;33m[[43;30mWARNING[43;33m][0m [1mNG8103: The `*ngIf` directive was used in the template, but neither the `NgIf` directive nor the `CommonModule` was imported. Use Angular's built-in control flow @if or make sure that either the `NgIf` directive or the `CommonModule` is included in the `@Component.imports` array of this component.[0m [1m[35m[plugin angular-compiler][0m

    src/app/verify-email/verify-email.component.html:17:14:
[37m      17 │           <i *[32mngIf[37m="isVerified; else verifyFailed" class="fa-solid...
         ╵               [32m~~~~[0m

  Error occurs in the template of component VerifyEmailComponent.

    src/app/verify-email/verify-email.component.ts:10:15:
[37m      10 │   templateUrl: [32m'./verify-email.component.html'[37m,
         ╵                [32m~~~~~~~~~~~~~~~~~~~~~~~~~~~~~~~[0m

[39m[22m
[1m[31m[31mX [41;31m[[41;97mERROR[41;31m][0m [1mNG8002: Can't bind to 'aria-pressed' since it isn't a known property of 'button'.[0m [1m[35m[plugin angular-compiler][0m

    src/app/signup/signup.component.html:48:133:
[37m      48 │ ...ASHIONISTA')" [32maria-pressed="{{ account.role === 'FASHIONISTA' }}"[37m>
         ╵                  [32m~~~~~~~~~~~~~~~~~~~~~~~~~~~~~~~~~~~~~~~~~~~~~~~~~~~[0m

  Error occurs in the template of component SignupComponent.

    src/app/signup/signup.component.ts:12:15:
[37m      12 │   templateUrl: [32m'./signup.component.html'[37m,
         ╵                [32m~~~~~~~~~~~~~~~~~~~~~~~~~[0m


[31mX [41;31m[[41;97mERROR[41;31m][0m [1mNG8002: Can't bind to 'aria-pressed' since it isn't a known property of 'button'.[0m [1m[35m[plugin angular-compiler][0m

    src/app/signup/signup.component.html:56:127:
[37m      56 │ ...ole('STYLISTE')" [32maria-pressed="{{ account.role === 'STYLISTE' }}"[37m>
         ╵                     [32m~~~~~~~~~~~~~~~~~~~~~~~~~~~~~~~~~~~~~~~~~~~~~~~~[0m

  Error occurs in the template of component SignupComponent.

    src/app/signup/signup.component.ts:12:15:
[37m      12 │   templateUrl: [32m'./signup.component.html'[37m,
         ╵                [32m~~~~~~~~~~~~~~~~~~~~~~~~~[0m

[39m[22m
[1m[31m[31mX [41;31m[[41;97mERROR[41;31m][0m [1mNG9: Property 'account' does not exist on type 'SigninComponent'.[0m [1m[35m[plugin angular-compiler][0m

    src/app/signin/signin.component.html:20:28:
[37m      20 │             [class.active]="[32maccount[37m.role === 'FASHIONISTA'"
         ╵                             [32m~~~~~~~[0m

  Error occurs in the template of component SigninComponent.

    src/app/signin/signin.component.ts:13:15:
[37m      13 │   templateUrl: [32m'./signin.component.html'[37m,
         ╵                [32m~~~~~~~~~~~~~~~~~~~~~~~~~[0m


[31mX [41;31m[[41;97mERROR[41;31m][0m [1mNG9: Property 'setRole' does not exist on type 'SigninComponent'.[0m [1m[35m[plugin angular-compiler][0m

    src/app/signin/signin.component.html:21:21:
[37m      21 │             (click)="[32msetRole[37m('FASHIONISTA')"
         ╵                      [32m~~~~~~~[0m

  Error occurs in the template of component SigninComponent.

    src/app/signin/signin.component.ts:13:15:
[37m      13 │   templateUrl: [32m'./signin.component.html'[37m,
         ╵                [32m~~~~~~~~~~~~~~~~~~~~~~~~~[0m


[31mX [41;31m[[41;97mERROR[41;31m][0m [1mNG9: Property 'account' does not exist on type 'SigninComponent'.[0m [1m[35m[plugin angular-compiler][0m

    src/app/signin/signin.component.html:22:33:
[37m      22 │             [attr.aria-pressed]="[32maccount[37m.role === 'FASHIONISTA'"
         ╵                                  [32m~~~~~~~[0m

  Error occurs in the template of component SigninComponent.

    src/app/signin/signin.component.ts:13:15:
[37m      13 │   templateUrl: [32m'./signin.component.html'[37m,
         ╵                [32m~~~~~~~~~~~~~~~~~~~~~~~~~[0m


[31mX [41;31m[[41;97mERROR[41;31m][0m [1mNG9: Property 'account' does not exist on type 'SigninComponent'.[0m [1m[35m[plugin angular-compiler][0m

    src/app/signin/signin.component.html:33:28:
[37m      33 │             [class.active]="[32maccount[37m.role === 'STYLISTE'"
         ╵                             [32m~~~~~~~[0m

  Error occurs in the template of component SigninComponent.

    src/app/signin/signin.component.ts:13:15:
[37m      13 │   templateUrl: [32m'./signin.component.html'[37m,
         ╵                [32m~~~~~~~~~~~~~~~~~~~~~~~~~[0m


[31mX [41;31m[[41;97mERROR[41;31m][0m [1mNG9: Property 'setRole' does not exist on type 'SigninComponent'.[0m [1m[35m[plugin angular-compiler][0m

    src/app/signin/signin.component.html:34:21:
[37m      34 │             (click)="[32msetRole[37m('STYLISTE')"
         ╵                      [32m~~~~~~~[0m

  Error occurs in the template of component SigninComponent.

    src/app/signin/signin.component.ts:13:15:
[37m      13 │   templateUrl: [32m'./signin.component.html'[37m,
         ╵                [32m~~~~~~~~~~~~~~~~~~~~~~~~~[0m


[31mX [41;31m[[41;97mERROR[41;31m][0m [1mNG9: Property 'account' does not exist on type 'SigninComponent'.[0m [1m[35m[plugin angular-compiler][0m

    src/app/signin/signin.component.html:35:33:
[37m      35 │             [attr.aria-pressed]="[32maccount[37m.role === 'STYLISTE'"
         ╵                                  [32m~~~~~~~[0m

  Error occurs in the template of component SigninComponent.

    src/app/signin/signin.component.ts:13:15:
[37m      13 │   templateUrl: [32m'./signin.component.html'[37m,
         ╵                [32m~~~~~~~~~~~~~~~~~~~~~~~~~[0m


[31mX [41;31m[[41;97mERROR[41;31m][0m [1mNG9: Property 'signup' does not exist on type 'SigninComponent'.[0m [1m[35m[plugin angular-compiler][0m

    src/app/signin/signin.component.html:45:37:
[37m      45 │       <form class="form" (ngSubmit)="[32msignup[37m()" novalidate>
         ╵                                      [32m~~~~~~[0m

  Error occurs in the template of component SigninComponent.

    src/app/signin/signin.component.ts:13:15:
[37m      13 │   templateUrl: [32m'./signin.component.html'[37m,
         ╵                [32m~~~~~~~~~~~~~~~~~~~~~~~~~[0m


[31mX [41;31m[[41;97mERROR[41;31m][0m [1mNG9: Property 'account' does not exist on type 'SigninComponent'.[0m [1m[35m[plugin angular-compiler][0m

    src/app/signin/signin.component.html:46:54:
[37m      46 │         <input type="hidden" name="role" [(ngModel)]="[32maccount[37m.role">
         ╵                                                       [32m~~~~~~~[0m

  Error occurs in the template of component SigninComponent.

    src/app/signin/signin.component.ts:13:15:
[37m      13 │   templateUrl: [32m'./signin.component.html'[37m,
         ╵                [32m~~~~~~~~~~~~~~~~~~~~~~~~~[0m


[31mX [41;31m[[41;97mERROR[41;31m][0m [1mNG9: Property 'account' does not exist on type 'SigninComponent'.[0m [1m[35m[plugin angular-compiler][0m

    src/app/signin/signin.component.html:46:54:
[37m      46 │         <input type="hidden" name="role" [(ngModel)]="[32maccount[37m.role">
         ╵                                                       [32m~~~~~~~[0m

  Error occurs in the template of component SigninComponent.

    src/app/signin/signin.component.ts:13:15:
[37m      13 │   templateUrl: [32m'./signin.component.html'[37m,
         ╵                [32m~~~~~~~~~~~~~~~~~~~~~~~~~[0m


[31mX [41;31m[[41;97mERROR[41;31m][0m [1mNG9: Property 'account' does not exist on type 'SigninComponent'.[0m [1m[35m[plugin angular-compiler][0m

    src/app/signin/signin.component.html:50:52:
[37m      50 │ ...e" name="name" [(ngModel)]="[32maccount[37m.name" required placeholder=...
         ╵                                [32m~~~~~~~[0m

  Error occurs in the template of component SigninComponent.

    src/app/signin/signin.component.ts:13:15:
[37m      13 │   templateUrl: [32m'./signin.component.html'[37m,
         ╵                [32m~~~~~~~~~~~~~~~~~~~~~~~~~[0m


[31mX [41;31m[[41;97mERROR[41;31m][0m [1mNG9: Property 'account' does not exist on type 'SigninComponent'.[0m [1m[35m[plugin angular-compiler][0m

    src/app/signin/signin.component.html:50:52:
[37m      50 │ ...e" name="name" [(ngModel)]="[32maccount[37m.name" required placeholder=...
         ╵                                [32m~~~~~~~[0m

  Error occurs in the template of component SigninComponent.

    src/app/signin/signin.component.ts:13:15:
[37m      13 │   templateUrl: [32m'./signin.component.html'[37m,
         ╵                [32m~~~~~~~~~~~~~~~~~~~~~~~~~[0m


[31mX [41;31m[[41;97mERROR[41;31m][0m [1mNG9: Property 'account' does not exist on type 'SigninComponent'.[0m [1m[35m[plugin angular-compiler][0m

    src/app/signin/signin.component.html:55:67:
[37m      55 │ ..." type="email" [(ngModel)]="[32maccount[37m.email" required placeholder...
         ╵                                [32m~~~~~~~[0m

  Error occurs in the template of component SigninComponent.

    src/app/signin/signin.component.ts:13:15:
[37m      13 │   templateUrl: [32m'./signin.component.html'[37m,
         ╵                [32m~~~~~~~~~~~~~~~~~~~~~~~~~[0m


[31mX [41;31m[[41;97mERROR[41;31m][0m [1mNG9: Property 'account' does not exist on type 'SigninComponent'.[0m [1m[35m[plugin angular-compiler][0m

    src/app/signin/signin.component.html:55:67:
[37m      55 │ ..." type="email" [(ngModel)]="[32maccount[37m.email" required placeholder...
         ╵                                [32m~~~~~~~[0m

  Error occurs in the template of component SigninComponent.

    src/app/signin/signin.component.ts:13:15:
[37m      13 │   templateUrl: [32m'./signin.component.html'[37m,
         ╵                [32m~~~~~~~~~~~~~~~~~~~~~~~~~[0m


[31mX [41;31m[[41;97mERROR[41;31m][0m [1mNG9: Property 'account' does not exist on type 'SigninComponent'.[0m [1m[35m[plugin angular-compiler][0m

    src/app/signin/signin.component.html:60:76:
[37m      60 │ ...ype="password" [(ngModel)]="[32maccount[37m.password" required minlengt...
         ╵                                [32m~~~~~~~[0m

  Error occurs in the template of component SigninComponent.

    src/app/signin/signin.component.ts:13:15:
[37m      13 │   templateUrl: [32m'./signin.component.html'[37m,
         ╵                [32m~~~~~~~~~~~~~~~~~~~~~~~~~[0m


[31mX [41;31m[[41;97mERROR[41;31m][0m [1mNG9: Property 'account' does not exist on type 'SigninComponent'.[0m [1m[35m[plugin angular-compiler][0m

    src/app/signin/signin.component.html:60:76:
[37m      60 │ ...ype="password" [(ngModel)]="[32maccount[37m.password" required minlengt...
         ╵                                [32m~~~~~~~[0m

  Error occurs in the template of component SigninComponent.

    src/app/signin/signin.component.ts:13:15:
[37m      13 │   templateUrl: [32m'./signin.component.html'[37m,
         ╵                [32m~~~~~~~~~~~~~~~~~~~~~~~~~[0m

[39m[22m
[1m[31m[31mX [41;31m[[41;97mERROR[41;31m][0m [1mNG9: Property 'account' does not exist on type 'SigninComponent'.[0m [1m[35m[plugin angular-compiler][0m

    src/app/signin/signin.component.html:20:28:
[37m      20 │             [class.active]="[32maccount[37m.role === 'FASHIONISTA'"
         ╵                             [32m~~~~~~~[0m

  Error occurs in the template of component SigninComponent.

    src/app/signin/signin.component.ts:13:15:
[37m      13 │   templateUrl: [32m'./signin.component.html'[37m,
         ╵                [32m~~~~~~~~~~~~~~~~~~~~~~~~~[0m


[31mX [41;31m[[41;97mERROR[41;31m][0m [1mNG9: Property 'setRole' does not exist on type 'SigninComponent'.[0m [1m[35m[plugin angular-compiler][0m

    src/app/signin/signin.component.html:21:21:
[37m      21 │             (click)="[32msetRole[37m('FASHIONISTA')"
         ╵                      [32m~~~~~~~[0m

  Error occurs in the template of component SigninComponent.

    src/app/signin/signin.component.ts:13:15:
[37m      13 │   templateUrl: [32m'./signin.component.html'[37m,
         ╵                [32m~~~~~~~~~~~~~~~~~~~~~~~~~[0m


[31mX [41;31m[[41;97mERROR[41;31m][0m [1mNG9: Property 'account' does not exist on type 'SigninComponent'.[0m [1m[35m[plugin angular-compiler][0m

    src/app/signin/signin.component.html:22:33:
[37m      22 │             [attr.aria-pressed]="[32maccount[37m.role === 'FASHIONISTA'"
         ╵                                  [32m~~~~~~~[0m

  Error occurs in the template of component SigninComponent.

    src/app/signin/signin.component.ts:13:15:
[37m      13 │   templateUrl: [32m'./signin.component.html'[37m,
         ╵                [32m~~~~~~~~~~~~~~~~~~~~~~~~~[0m


[31mX [41;31m[[41;97mERROR[41;31m][0m [1mNG9: Property 'account' does not exist on type 'SigninComponent'.[0m [1m[35m[plugin angular-compiler][0m

    src/app/signin/signin.component.html:33:28:
[37m      33 │             [class.active]="[32maccount[37m.role === 'STYLISTE'"
         ╵                             [32m~~~~~~~[0m

  Error occurs in the template of component SigninComponent.

    src/app/signin/signin.component.ts:13:15:
[37m      13 │   templateUrl: [32m'./signin.component.html'[37m,
         ╵                [32m~~~~~~~~~~~~~~~~~~~~~~~~~[0m


[31mX [41;31m[[41;97mERROR[41;31m][0m [1mNG9: Property 'setRole' does not exist on type 'SigninComponent'.[0m [1m[35m[plugin angular-compiler][0m

    src/app/signin/signin.component.html:34:21:
[37m      34 │             (click)="[32msetRole[37m('STYLISTE')"
         ╵                      [32m~~~~~~~[0m

  Error occurs in the template of component SigninComponent.

    src/app/signin/signin.component.ts:13:15:
[37m      13 │   templateUrl: [32m'./signin.component.html'[37m,
         ╵                [32m~~~~~~~~~~~~~~~~~~~~~~~~~[0m


[31mX [41;31m[[41;97mERROR[41;31m][0m [1mNG9: Property 'account' does not exist on type 'SigninComponent'.[0m [1m[35m[plugin angular-compiler][0m

    src/app/signin/signin.component.html:35:33:
[37m      35 │             [attr.aria-pressed]="[32maccount[37m.role === 'STYLISTE'"
         ╵                                  [32m~~~~~~~[0m

  Error occurs in the template of component SigninComponent.

    src/app/signin/signin.component.ts:13:15:
[37m      13 │   templateUrl: [32m'./signin.component.html'[37m,
         ╵                [32m~~~~~~~~~~~~~~~~~~~~~~~~~[0m


[31mX [41;31m[[41;97mERROR[41;31m][0m [1mNG9: Property 'signup' does not exist on type 'SigninComponent'.[0m [1m[35m[plugin angular-compiler][0m

    src/app/signin/signin.component.html:45:37:
[37m      45 │       <form class="form" (ngSubmit)="[32msignup[37m()" novalidate>
         ╵                                      [32m~~~~~~[0m

  Error occurs in the template of component SigninComponent.

    src/app/signin/signin.component.ts:13:15:
[37m      13 │   templateUrl: [32m'./signin.component.html'[37m,
         ╵                [32m~~~~~~~~~~~~~~~~~~~~~~~~~[0m


[31mX [41;31m[[41;97mERROR[41;31m][0m [1mNG9: Property 'account' does not exist on type 'SigninComponent'.[0m [1m[35m[plugin angular-compiler][0m

    src/app/signin/signin.component.html:46:54:
[37m      46 │         <input type="hidden" name="role" [(ngModel)]="[32maccount[37m.role">
         ╵                                                       [32m~~~~~~~[0m

  Error occurs in the template of component SigninComponent.

    src/app/signin/signin.component.ts:13:15:
[37m      13 │   templateUrl: [32m'./signin.component.html'[37m,
         ╵                [32m~~~~~~~~~~~~~~~~~~~~~~~~~[0m


[31mX [41;31m[[41;97mERROR[41;31m][0m [1mNG9: Property 'account' does not exist on type 'SigninComponent'.[0m [1m[35m[plugin angular-compiler][0m

    src/app/signin/signin.component.html:46:54:
[37m      46 │         <input type="hidden" name="role" [(ngModel)]="[32maccount[37m.role">
         ╵                                                       [32m~~~~~~~[0m

  Error occurs in the template of component SigninComponent.

    src/app/signin/signin.component.ts:13:15:
[37m      13 │   templateUrl: [32m'./signin.component.html'[37m,
         ╵                [32m~~~~~~~~~~~~~~~~~~~~~~~~~[0m


[31mX [41;31m[[41;97mERROR[41;31m][0m [1mNG9: Property 'account' does not exist on type 'SigninComponent'.[0m [1m[35m[plugin angular-compiler][0m

    src/app/signin/signin.component.html:50:52:
[37m      50 │ ...e" name="name" [(ngModel)]="[32maccount[37m.name" required placeholder=...
         ╵                                [32m~~~~~~~[0m

  Error occurs in the template of component SigninComponent.

    src/app/signin/signin.component.ts:13:15:
[37m      13 │   templateUrl: [32m'./signin.component.html'[37m,
         ╵                [32m~~~~~~~~~~~~~~~~~~~~~~~~~[0m


[31mX [41;31m[[41;97mERROR[41;31m][0m [1mNG9: Property 'account' does not exist on type 'SigninComponent'.[0m [1m[35m[plugin angular-compiler][0m

    src/app/signin/signin.component.html:50:52:
[37m      50 │ ...e" name="name" [(ngModel)]="[32maccount[37m.name" required placeholder=...
         ╵                                [32m~~~~~~~[0m

  Error occurs in the template of component SigninComponent.

    src/app/signin/signin.component.ts:13:15:
[37m      13 │   templateUrl: [32m'./signin.component.html'[37m,
         ╵                [32m~~~~~~~~~~~~~~~~~~~~~~~~~[0m


[31mX [41;31m[[41;97mERROR[41;31m][0m [1mNG9: Property 'account' does not exist on type 'SigninComponent'.[0m [1m[35m[plugin angular-compiler][0m

    src/app/signin/signin.component.html:55:67:
[37m      55 │ ..." type="email" [(ngModel)]="[32maccount[37m.email" required placeholder...
         ╵                                [32m~~~~~~~[0m

  Error occurs in the template of component SigninComponent.

    src/app/signin/signin.component.ts:13:15:
[37m      13 │   templateUrl: [32m'./signin.component.html'[37m,
         ╵                [32m~~~~~~~~~~~~~~~~~~~~~~~~~[0m


[31mX [41;31m[[41;97mERROR[41;31m][0m [1mNG9: Property 'account' does not exist on type 'SigninComponent'.[0m [1m[35m[plugin angular-compiler][0m

    src/app/signin/signin.component.html:55:67:
[37m      55 │ ..." type="email" [(ngModel)]="[32maccount[37m.email" required placeholder...
         ╵                                [32m~~~~~~~[0m

  Error occurs in the template of component SigninComponent.

    src/app/signin/signin.component.ts:13:15:
[37m      13 │   templateUrl: [32m'./signin.component.html'[37m,
         ╵                [32m~~~~~~~~~~~~~~~~~~~~~~~~~[0m


[31mX [41;31m[[41;97mERROR[41;31m][0m [1mNG9: Property 'account' does not exist on type 'SigninComponent'.[0m [1m[35m[plugin angular-compiler][0m

    src/app/signin/signin.component.html:60:76:
[37m      60 │ ...ype="password" [(ngModel)]="[32maccount[37m.password" required minlengt...
         ╵                                [32m~~~~~~~[0m

  Error occurs in the template of component SigninComponent.

    src/app/signin/signin.component.ts:13:15:
[37m      13 │   templateUrl: [32m'./signin.component.html'[37m,
         ╵                [32m~~~~~~~~~~~~~~~~~~~~~~~~~[0m


[31mX [41;31m[[41;97mERROR[41;31m][0m [1mNG9: Property 'account' does not exist on type 'SigninComponent'.[0m [1m[35m[plugin angular-compiler][0m

    src/app/signin/signin.component.html:60:76:
[37m      60 │ ...ype="password" [(ngModel)]="[32maccount[37m.password" required minlengt...
         ╵                                [32m~~~~~~~[0m

  Error occurs in the template of component SigninComponent.

    src/app/signin/signin.component.ts:13:15:
[37m      13 │   templateUrl: [32m'./signin.component.html'[37m,
         ╵                [32m~~~~~~~~~~~~~~~~~~~~~~~~~[0m

[39m[22m
[1m[31m[31mX [41;31m[[41;97mERROR[41;31m][0m [1mNG9: Property 'account' does not exist on type 'SigninComponent'.[0m [1m[35m[plugin angular-compiler][0m

    src/app/signin/signin.component.html:20:28:
[37m      20 │             [class.active]="[32maccount[37m.role === 'FASHIONISTA'"
         ╵                             [32m~~~~~~~[0m

  Error occurs in the template of component SigninComponent.

    src/app/signin/signin.component.ts:13:15:
[37m      13 │   templateUrl: [32m'./signin.component.html'[37m,
         ╵                [32m~~~~~~~~~~~~~~~~~~~~~~~~~[0m


[31mX [41;31m[[41;97mERROR[41;31m][0m [1mNG9: Property 'setRole' does not exist on type 'SigninComponent'.[0m [1m[35m[plugin angular-compiler][0m

    src/app/signin/signin.component.html:21:21:
[37m      21 │             (click)="[32msetRole[37m('FASHIONISTA')"
         ╵                      [32m~~~~~~~[0m

  Error occurs in the template of component SigninComponent.

    src/app/signin/signin.component.ts:13:15:
[37m      13 │   templateUrl: [32m'./signin.component.html'[37m,
         ╵                [32m~~~~~~~~~~~~~~~~~~~~~~~~~[0m


[31mX [41;31m[[41;97mERROR[41;31m][0m [1mNG9: Property 'account' does not exist on type 'SigninComponent'.[0m [1m[35m[plugin angular-compiler][0m

    src/app/signin/signin.component.html:22:33:
[37m      22 │             [attr.aria-pressed]="[32maccount[37m.role === 'FASHIONISTA'"
         ╵                                  [32m~~~~~~~[0m

  Error occurs in the template of component SigninComponent.

    src/app/signin/signin.component.ts:13:15:
[37m      13 │   templateUrl: [32m'./signin.component.html'[37m,
         ╵                [32m~~~~~~~~~~~~~~~~~~~~~~~~~[0m


[31mX [41;31m[[41;97mERROR[41;31m][0m [1mNG9: Property 'account' does not exist on type 'SigninComponent'.[0m [1m[35m[plugin angular-compiler][0m

    src/app/signin/signin.component.html:33:28:
[37m      33 │             [class.active]="[32maccount[37m.role === 'STYLISTE'"
         ╵                             [32m~~~~~~~[0m

  Error occurs in the template of component SigninComponent.

    src/app/signin/signin.component.ts:13:15:
[37m      13 │   templateUrl: [32m'./signin.component.html'[37m,
         ╵                [32m~~~~~~~~~~~~~~~~~~~~~~~~~[0m


[31mX [41;31m[[41;97mERROR[41;31m][0m [1mNG9: Property 'setRole' does not exist on type 'SigninComponent'.[0m [1m[35m[plugin angular-compiler][0m

    src/app/signin/signin.component.html:34:21:
[37m      34 │             (click)="[32msetRole[37m('STYLISTE')"
         ╵                      [32m~~~~~~~[0m

  Error occurs in the template of component SigninComponent.

    src/app/signin/signin.component.ts:13:15:
[37m      13 │   templateUrl: [32m'./signin.component.html'[37m,
         ╵                [32m~~~~~~~~~~~~~~~~~~~~~~~~~[0m


[31mX [41;31m[[41;97mERROR[41;31m][0m [1mNG9: Property 'account' does not exist on type 'SigninComponent'.[0m [1m[35m[plugin angular-compiler][0m

    src/app/signin/signin.component.html:35:33:
[37m      35 │             [attr.aria-pressed]="[32maccount[37m.role === 'STYLISTE'"
         ╵                                  [32m~~~~~~~[0m

  Error occurs in the template of component SigninComponent.

    src/app/signin/signin.component.ts:13:15:
[37m      13 │   templateUrl: [32m'./signin.component.html'[37m,
         ╵                [32m~~~~~~~~~~~~~~~~~~~~~~~~~[0m


[31mX [41;31m[[41;97mERROR[41;31m][0m [1mNG9: Property 'signup' does not exist on type 'SigninComponent'.[0m [1m[35m[plugin angular-compiler][0m

    src/app/signin/signin.component.html:45:37:
[37m      45 │       <form class="form" (ngSubmit)="[32msignup[37m()" novalidate>
         ╵                                      [32m~~~~~~[0m

  Error occurs in the template of component SigninComponent.

    src/app/signin/signin.component.ts:13:15:
[37m      13 │   templateUrl: [32m'./signin.component.html'[37m,
         ╵                [32m~~~~~~~~~~~~~~~~~~~~~~~~~[0m


[31mX [41;31m[[41;97mERROR[41;31m][0m [1mNG9: Property 'account' does not exist on type 'SigninComponent'.[0m [1m[35m[plugin angular-compiler][0m

    src/app/signin/signin.component.html:46:54:
[37m      46 │         <input type="hidden" name="role" [(ngModel)]="[32maccount[37m.role">
         ╵                                                       [32m~~~~~~~[0m

  Error occurs in the template of component SigninComponent.

    src/app/signin/signin.component.ts:13:15:
[37m      13 │   templateUrl: [32m'./signin.component.html'[37m,
         ╵                [32m~~~~~~~~~~~~~~~~~~~~~~~~~[0m


[31mX [41;31m[[41;97mERROR[41;31m][0m [1mNG9: Property 'account' does not exist on type 'SigninComponent'.[0m [1m[35m[plugin angular-compiler][0m

    src/app/signin/signin.component.html:46:54:
[37m      46 │         <input type="hidden" name="role" [(ngModel)]="[32maccount[37m.role">
         ╵                                                       [32m~~~~~~~[0m

  Error occurs in the template of component SigninComponent.

    src/app/signin/signin.component.ts:13:15:
[37m      13 │   templateUrl: [32m'./signin.component.html'[37m,
         ╵                [32m~~~~~~~~~~~~~~~~~~~~~~~~~[0m


[31mX [41;31m[[41;97mERROR[41;31m][0m [1mNG9: Property 'account' does not exist on type 'SigninComponent'.[0m [1m[35m[plugin angular-compiler][0m

    src/app/signin/signin.component.html:50:52:
[37m      50 │ ...e" name="name" [(ngModel)]="[32maccount[37m.name" required placeholder=...
         ╵                                [32m~~~~~~~[0m

  Error occurs in the template of component SigninComponent.

    src/app/signin/signin.component.ts:13:15:
[37m      13 │   templateUrl: [32m'./signin.component.html'[37m,
         ╵                [32m~~~~~~~~~~~~~~~~~~~~~~~~~[0m


[31mX [41;31m[[41;97mERROR[41;31m][0m [1mNG9: Property 'account' does not exist on type 'SigninComponent'.[0m [1m[35m[plugin angular-compiler][0m

    src/app/signin/signin.component.html:50:52:
[37m      50 │ ...e" name="name" [(ngModel)]="[32maccount[37m.name" required placeholder=...
         ╵                                [32m~~~~~~~[0m

  Error occurs in the template of component SigninComponent.

    src/app/signin/signin.component.ts:13:15:
[37m      13 │   templateUrl: [32m'./signin.component.html'[37m,
         ╵                [32m~~~~~~~~~~~~~~~~~~~~~~~~~[0m


[31mX [41;31m[[41;97mERROR[41;31m][0m [1mNG9: Property 'account' does not exist on type 'SigninComponent'.[0m [1m[35m[plugin angular-compiler][0m

    src/app/signin/signin.component.html:55:67:
[37m      55 │ ..." type="email" [(ngModel)]="[32maccount[37m.email" required placeholder...
         ╵                                [32m~~~~~~~[0m

  Error occurs in the template of component SigninComponent.

    src/app/signin/signin.component.ts:13:15:
[37m      13 │   templateUrl: [32m'./signin.component.html'[37m,
         ╵                [32m~~~~~~~~~~~~~~~~~~~~~~~~~[0m


[31mX [41;31m[[41;97mERROR[41;31m][0m [1mNG9: Property 'account' does not exist on type 'SigninComponent'.[0m [1m[35m[plugin angular-compiler][0m

    src/app/signin/signin.component.html:55:67:
[37m      55 │ ..." type="email" [(ngModel)]="[32maccount[37m.email" required placeholder...
         ╵                                [32m~~~~~~~[0m

  Error occurs in the template of component SigninComponent.

    src/app/signin/signin.component.ts:13:15:
[37m      13 │   templateUrl: [32m'./signin.component.html'[37m,
         ╵                [32m~~~~~~~~~~~~~~~~~~~~~~~~~[0m


[31mX [41;31m[[41;97mERROR[41;31m][0m [1mNG9: Property 'account' does not exist on type 'SigninComponent'.[0m [1m[35m[plugin angular-compiler][0m

    src/app/signin/signin.component.html:60:76:
[37m      60 │ ...ype="password" [(ngModel)]="[32maccount[37m.password" required minlengt...
         ╵                                [32m~~~~~~~[0m

  Error occurs in the template of component SigninComponent.

    src/app/signin/signin.component.ts:13:15:
[37m      13 │   templateUrl: [32m'./signin.component.html'[37m,
         ╵                [32m~~~~~~~~~~~~~~~~~~~~~~~~~[0m


[31mX [41;31m[[41;97mERROR[41;31m][0m [1mNG9: Property 'account' does not exist on type 'SigninComponent'.[0m [1m[35m[plugin angular-compiler][0m

    src/app/signin/signin.component.html:60:76:
[37m      60 │ ...ype="password" [(ngModel)]="[32maccount[37m.password" required minlengt...
         ╵                                [32m~~~~~~~[0m

  Error occurs in the template of component SigninComponent.

    src/app/signin/signin.component.ts:13:15:
[37m      13 │   templateUrl: [32m'./signin.component.html'[37m,
         ╵                [32m~~~~~~~~~~~~~~~~~~~~~~~~~[0m

[39m[22m
[1m[31m[31mX [41;31m[[41;97mERROR[41;31m][0m [1mNG8002: Can't bind to 'routerLinkActiveOptions' since it isn't a known property of 'a'.[0m [1m[35m[plugin angular-compiler][0m

    src/app/navbar/navbar.component.html:12:77:
[37m      12 │ ...="active" [32m[routerLinkActiveOptions]="{ exact: true }"[37m>Dashboard...
         ╵              [32m~~~~~~~~~~~~~~~~~~~~~~~~~~~~~~~~~~~~~~~~~~~[0m

  Error occurs in the template of component NavbarComponent.

    src/app/navbar/navbar.component.ts:11:15:
[37m      11 │   templateUrl: [32m'./navbar.component.html'[37m,
         ╵                [32m~~~~~~~~~~~~~~~~~~~~~~~~~[0m

[39m[22m
[1m[31m[31mX [41;31m[[41;97mERROR[41;31m][0m [1mTS1002: Unterminated string literal.[0m [1m[35m[plugin angular-compiler][0m

    src/app/app.routes.ts:26:26:
[37m      26 │         { path: 'create },[32m[37m
         ╵                           [32m^[0m


[31mX [41;31m[[41;97mERROR[41;31m][0m [1mTS1005: ',' expected.[0m [1m[35m[plugin angular-compiler][0m

    src/app/app.routes.ts:27:8:
[37m      27 │         [32m{[37m path: 'profilefashionista/:id/dressing', component: Dres...
         ╵         [32m^[0m


[31mX [41;31m[[41;97mERROR[41;31m][0m [1mUnterminated string literal[0m

    src/app/app.routes.ts:23:25:
[37m      23 │     { path: 'create }, },[32m[37m
         ╵                          [32m^[0m

[39m[22m
[1m[31m[31mX [41;31m[[41;97mERROR[41;31m][0m [1mTS1002: Unterminated string literal.[0m [1m[35m[plugin angular-compiler][0m

    src/app/app.routes.ts:26:29:
[37m      26 │         { path: 'createpro },[32m[37m
         ╵                              [32m^[0m


[31mX [41;31m[[41;97mERROR[41;31m][0m [1mTS1005: ',' expected.[0m [1m[35m[plugin angular-compiler][0m

    src/app/app.routes.ts:27:8:
[37m      27 │         [32m{[37m path: 'profilefashionista/:id/dressing', component: Dres...
         ╵         [32m^[0m


[31mX [41;31m[[41;97mERROR[41;31m][0m [1mUnterminated string literal[0m

    src/app/app.routes.ts:23:28:
[37m      23 │     { path: 'createpro }, },[32m[37m
         ╵                             [32m^[0m

[39m[22m
[1m[31m[31mX [41;31m[[41;97mERROR[41;31m][0m [1mTS2304: Cannot find name 'cre'.[0m [1m[35m[plugin angular-compiler][0m

    src/app/app.routes.ts:26:55:
[37m      26 │         { path: 'createprofilefashionista', component: [32mcre[37m },
         ╵                                                        [32m~~~[0m

[39m[22m
[1m[31m[31mX [41;31m[[41;97mERROR[41;31m][0m [1mTS2552: Cannot find name 'createProfileFashionistaComponent'. Did you mean 'ProfilFashionistaComponent'?[0m [1m[35m[plugin angular-compiler][0m

    src/app/app.routes.ts:26:55:
[37m      26 │ ...ofilefashionista', component: [32mcreateProfileFashionistaComponent[37m },
         ╵                                  [32m~~~~~~~~~~~~~~~~~~~~~~~~~~~~~~~~~[0m

[39m[22m
[1m[31m[31mX [41;31m[[41;97mERROR[41;31m][0m [1mTS2552: Cannot find name 'createProfileFashionistaComponen'. Did you mean 'ProfilFashionistaComponent'?[0m [1m[35m[plugin angular-compiler][0m

    src/app/app.routes.ts:26:55:
[37m      26 │ ...rofilefashionista', component: [32mcreateProfileFashionistaComponen[37m },
         ╵                                   [32m~~~~~~~~~~~~~~~~~~~~~~~~~~~~~~~~[0m

[39m[22m
[1m[31m[31mX [41;31m[[41;97mERROR[41;31m][0m [1mTS2552: Cannot find name 'createProfileFashionistaCompo'. Did you mean 'ProfilFashionistaComponent'?[0m [1m[35m[plugin angular-compiler][0m

    src/app/app.routes.ts:26:55:
[37m      26 │ ...teprofilefashionista', component: [32mcreateProfileFashionistaCompo[37m },
         ╵                                      [32m~~~~~~~~~~~~~~~~~~~~~~~~~~~~~[0m

[39m[22m
[1m[31m[31mX [41;31m[[41;97mERROR[41;31m][0m [1mTS1002: Unterminated string literal.[0m [1m[35m[plugin angular-compiler][0m

    src/app/app.routes.ts:28:25:
[37m      28 │         { path: 'create},[32m[37m
         ╵                          [32m^[0m


[31mX [41;31m[[41;97mERROR[41;31m][0m [1mTS1005: ',' expected.[0m [1m[35m[plugin angular-compiler][0m

    src/app/app.routes.ts:29:8:
[37m      29 │         [32m{[37m path: 'profilefashionista/:id/dressing', component: Dres...
         ╵         [32m^[0m


[31mX [41;31m[[41;97mERROR[41;31m][0m [1mUnterminated string literal[0m

    src/app/app.routes.ts:25:24:
[37m      25 │     { path: 'create}, },[32m[37m
         ╵                         [32m^[0m

[39m[22m
[1m[31m[31mX [41;31m[[41;97mERROR[41;31m][0m [1mTS1002: Unterminated string literal.[0m [1m[35m[plugin angular-compiler][0m

    src/app/app.routes.ts:28:32:
[37m      28 │         { path: 'createprofile},[32m[37m
         ╵                                 [32m^[0m


[31mX [41;31m[[41;97mERROR[41;31m][0m [1mTS1005: ',' expected.[0m [1m[35m[plugin angular-compiler][0m

    src/app/app.routes.ts:29:8:
[37m      29 │         [32m{[37m path: 'profilefashionista/:id/dressing', component: Dres...
         ╵         [32m^[0m


[31mX [41;31m[[41;97mERROR[41;31m][0m [1mUnterminated string literal[0m

    src/app/app.routes.ts:25:31:
[37m      25 │     { path: 'createprofile}, },[32m[37m
         ╵                                [32m^[0m

[39m[22m
[1m[31m[31mX [41;31m[[41;97mERROR[41;31m][0m [1mTS1002: Unterminated string literal.[0m [1m[35m[plugin angular-compiler][0m

    src/app/app.routes.ts:28:33:
[37m      28 │         { path: 'createprofileS},[32m[37m
         ╵                                  [32m^[0m


[31mX [41;31m[[41;97mERROR[41;31m][0m [1mTS1005: ',' expected.[0m [1m[35m[plugin angular-compiler][0m

    src/app/app.routes.ts:29:8:
[37m      29 │         [32m{[37m path: 'profilefashionista/:id/dressing', component: Dres...
         ╵         [32m^[0m


[31mX [41;31m[[41;97mERROR[41;31m][0m [1mUnterminated string literal[0m

    src/app/app.routes.ts:25:32:
[37m      25 │     { path: 'createprofileS}, },[32m[37m
         ╵                                 [32m^[0m

[39m[22m
[1m[31m[31mX [41;31m[[41;97mERROR[41;31m][0m [1mTS1002: Unterminated string literal.[0m [1m[35m[plugin angular-compiler][0m

    src/app/app.routes.ts:28:35:
[37m      28 │         { path: 'createprofileSty},[32m[37m
         ╵                                    [32m^[0m


[31mX [41;31m[[41;97mERROR[41;31m][0m [1mTS1005: ',' expected.[0m [1m[35m[plugin angular-compiler][0m

    src/app/app.routes.ts:29:8:
[37m      29 │         [32m{[37m path: 'profilefashionista/:id/dressing', component: Dres...
         ╵         [32m^[0m


[31mX [41;31m[[41;97mERROR[41;31m][0m [1mUnterminated string literal[0m

    src/app/app.routes.ts:25:34:
[37m      25 │     { path: 'createprofileSty}, },[32m[37m
         ╵                                   [32m^[0m

[39m[22m
[1m[31m[31mX [41;31m[[41;97mERROR[41;31m][0m [1mTS2304: Cannot find name 'cre'.[0m [1m[35m[plugin angular-compiler][0m

    src/app/app.routes.ts:28:52:
[37m      28 │         { path: 'createprofileStyliste', component: [32mcre[37m },
         ╵                                                     [32m~~~[0m

[39m[22m
[1m[31m[31mX [41;31m[[41;97mERROR[41;31m][0m [1mTS2304: Cannot find name 'create'.[0m [1m[35m[plugin angular-compiler][0m

    src/app/app.routes.ts:28:52:
[37m      28 │         { path: 'createprofileStyliste', component: [32mcreate[37m },
         ╵                                                     [32m~~~~~~[0m

[39m[22m
[1m[31m[31mX [41;31m[[41;97mERROR[41;31m][0m [1mTS2304: Cannot find name 'createpro'.[0m [1m[35m[plugin angular-compiler][0m

    src/app/app.routes.ts:28:52:
[37m      28 │         { path: 'createprofileStyliste', component: [32mcreatepro[37m },
         ╵                                                     [32m~~~~~~~~~[0m

[39m[22m
